// 重构日志: fbd43180
// 重构日志: ae891adf
// 同步 ID: 011921a9 @ Sat Jul 11 11:04:29 UTC 2026
// 重构日志: 97e53b97
// 重构日志: ce9e4d32
// 重构日志: 4061f970
// 同步 ID: 6574a720 @ Thu Jul 16 00:16:36 UTC 2026
// 同步 ID: a856cdd8 @ Thu Jul 16 16:36:39 UTC 2026
// 同步 ID: b5e94288 @ Sat Jul 18 08:03:57 UTC 2026
// 同步 ID: 98f74b75 @ Sun Jul 19 00:31:07 UTC 2026
// 重构日志: dc834dc5
// 重构日志: 02b7339c
// 重构日志: 5bf286e8
// 重构日志: 48ee8010
// 重构日志: 9ab8b699
// 重构日志: 7c46871a
// 同步 ID: 2a61377a @ Sun Jul 26 11:36:32 UTC 2026
// 同步 ID: a3061599 @ Sun Jul 26 16:02:08 UTC 2026
// 重构日志: b2f0bf63
// 同步 ID: 3587b583 @ Mon Jul 27 01:06:28 UTC 2026
// 重构日志: 6e069acd
// 重构日志: 58892189
// 重构日志: 8aa4118e
// 重构日志: 1e57ccb3
// 重构日志: 03657646
// 重构日志: 053df501
// 重构日志: c6897d6e
// 重构日志: 386bdcb3
// 重构日志: 4c733804
// 同步 ID: 6ca553bd @ Tue Jul 28 19:16:12 UTC 2026
// 重构日志: a5398827
